// Jest Snapshot v1, https://goo.gl/fbAQLP

exports[`Text default text 1`] = `
<h1>
  title:
  123
</h1>
`;
